
INFO 2026-08-12 09:20:40 apps.api example_service:51 Example item created: عنصر (ABC-1)
INFO 2026-08-12 09:20:40 apps.api example_service:51 Example item created: Smoke Item (SMOKE_001)
INFO 2026-08-12 09:37:46 apps.api example_service:51 Example item created: عنصر (ABC-1)
INFO 2026-08-12 09:37:46 apps.api example_service:51 Example item created: Smoke Item (SMOKE_001)
INFO 2026-08-12 10:53:27 apps.api example_service:51 Example item created: عنصر (ABC-1)
INFO 2026-08-12 10:53:28 apps.api module_1_service:47 Module1Item created: عنصر (ABC-1)
INFO 2026-08-12 10:53:28 apps.api example_service:51 Example item created: Smoke Item (SMOKE_001)
INFO 2026-08-12 14:36:02 apps.api module_1_service:47 Module1Item created: عنصر (ABC-1)
INFO 2026-10-06 18:09:23 apps.api example_service:51 Example item created: عنصر (ABC-1)
INFO 2026-10-06 18:09:23 apps.api module_1_service:47 Module1Item created: عنصر (ABC-1)
INFO 2026-10-06 18:09:23 apps.api example_service:51 Example item created: Smoke Item (SMOKE_001)
INFO 2026-10-06 18:19:35 apps.api example_service:51 Example item created: عنصر (ABC-1)
INFO 2026-10-06 18:19:35 apps.api module_1_service:47 Module1Item created: عنصر (ABC-1)
INFO 2026-10-06 18:19:35 apps.api example_service:51 Example item created: Smoke Item (SMOKE_001)
INFO 2026-10-06 18:34:06 apps.api example_service:51 Example item created: عنصر (ABC-1)
INFO 2026-10-06 18:34:06 apps.api module_1_service:47 Module1Item created: عنصر (ABC-1)
INFO 2026-10-06 18:34:06 apps.api example_service:51 Example item created: Smoke Item (SMOKE_001)
INFO 2026-10-06 18:37:04 apps.api example_service:51 Example item created: عنصر (ABC-1)
INFO 2026-10-06 18:37:04 apps.api module_1_service:47 Module1Item created: عنصر (ABC-1)
INFO 2026-10-06 18:37:04 apps.api example_service:51 Example item created: Smoke Item (SMOKE_001)
INFO 2026-10-06 18:41:15 apps.api example_service:51 Example item created: عنصر (ABC-1)
INFO 2026-10-06 18:41:15 apps.api module_1_service:47 Module1Item created: عنصر (ABC-1)
INFO 2026-10-06 18:41:15 apps.api example_service:51 Example item created: Smoke Item (SMOKE_001)
INFO 2026-10-06 18:53:24 apps.api example_service:51 Example item created: عنصر (ABC-1)
INFO 2026-10-06 18:53:24 apps.api module_1_service:47 Module1Item created: عنصر (ABC-1)
INFO 2026-10-06 18:53:25 apps.api example_service:51 Example item created: Smoke Item (SMOKE_001)
