ERROR 2026-08-10 13:05:19,244 log Invalid HTTP_HOST header: 'testserver'. You may need to add 'testserver' to ALLOWED_HOSTS.
Traceback (most recent call last):
  File "D:\Project Django Frameworks\GeneralDevelopmentSystem\GDS-Template\venv\Lib\site-packages\django\core\handlers\exception.py", line 55, in inner
    response = get_response(request)
  File "D:\Project Django Frameworks\GeneralDevelopmentSystem\GDS-Template\venv\Lib\site-packages\django\utils\deprecation.py", line 308, in __call__
    response = self.process_request(request)
  File "D:\Project Django Frameworks\GeneralDevelopmentSystem\GDS-Template\venv\Lib\site-packages\django\middleware\common.py", line 48, in process_request
    host = request.get_host()
  File "D:\Project Django Frameworks\GeneralDevelopmentSystem\GDS-Template\venv\Lib\site-packages\django\http\request.py", line 206, in get_host
    raise DisallowedHost(msg)
django.core.exceptions.DisallowedHost: Invalid HTTP_HOST header: 'testserver'. You may need to add 'testserver' to ALLOWED_HOSTS.
ERROR 2026-08-10 13:05:19,256 log Invalid HTTP_HOST header: 'testserver'. You may need to add 'testserver' to ALLOWED_HOSTS.
Traceback (most recent call last):
  File "D:\Project Django Frameworks\GeneralDevelopmentSystem\GDS-Template\venv\Lib\site-packages\django\core\handlers\exception.py", line 55, in inner
    response = get_response(request)
  File "D:\Project Django Frameworks\GeneralDevelopmentSystem\GDS-Template\venv\Lib\site-packages\django\utils\deprecation.py", line 308, in __call__
    response = self.process_request(request)
  File "D:\Project Django Frameworks\GeneralDevelopmentSystem\GDS-Template\venv\Lib\site-packages\django\middleware\common.py", line 48, in process_request
    host = request.get_host()
  File "D:\Project Django Frameworks\GeneralDevelopmentSystem\GDS-Template\venv\Lib\site-packages\django\http\request.py", line 206, in get_host
    raise DisallowedHost(msg)
django.core.exceptions.DisallowedHost: Invalid HTTP_HOST header: 'testserver'. You may need to add 'testserver' to ALLOWED_HOSTS.
ERROR 2026-08-10 13:05:19,273 log Invalid HTTP_HOST header: 'testserver'. You may need to add 'testserver' to ALLOWED_HOSTS.
Traceback (most recent call last):
  File "D:\Project Django Frameworks\GeneralDevelopmentSystem\GDS-Template\venv\Lib\site-packages\django\core\handlers\exception.py", line 55, in inner
    response = get_response(request)
  File "D:\Project Django Frameworks\GeneralDevelopmentSystem\GDS-Template\venv\Lib\site-packages\django\utils\deprecation.py", line 308, in __call__
    response = self.process_request(request)
  File "D:\Project Django Frameworks\GeneralDevelopmentSystem\GDS-Template\venv\Lib\site-packages\django\middleware\common.py", line 48, in process_request
    host = request.get_host()
  File "D:\Project Django Frameworks\GeneralDevelopmentSystem\GDS-Template\venv\Lib\site-packages\django\http\request.py", line 206, in get_host
    raise DisallowedHost(msg)
django.core.exceptions.DisallowedHost: Invalid HTTP_HOST header: 'testserver'. You may need to add 'testserver' to ALLOWED_HOSTS.
ERROR 2026-08-10 13:05:19,287 log Invalid HTTP_HOST header: 'testserver'. You may need to add 'testserver' to ALLOWED_HOSTS.
Traceback (most recent call last):
  File "D:\Project Django Frameworks\GeneralDevelopmentSystem\GDS-Template\venv\Lib\site-packages\django\core\handlers\exception.py", line 55, in inner
    response = get_response(request)
  File "D:\Project Django Frameworks\GeneralDevelopmentSystem\GDS-Template\venv\Lib\site-packages\django\utils\deprecation.py", line 308, in __call__
    response = self.process_request(request)
  File "D:\Project Django Frameworks\GeneralDevelopmentSystem\GDS-Template\venv\Lib\site-packages\django\middleware\common.py", line 48, in process_request
    host = request.get_host()
  File "D:\Project Django Frameworks\GeneralDevelopmentSystem\GDS-Template\venv\Lib\site-packages\django\http\request.py", line 206, in get_host
    raise DisallowedHost(msg)
django.core.exceptions.DisallowedHost: Invalid HTTP_HOST header: 'testserver'. You may need to add 'testserver' to ALLOWED_HOSTS.
ERROR 2026-08-10 13:05:19,296 log Invalid HTTP_HOST header: 'testserver'. You may need to add 'testserver' to ALLOWED_HOSTS.
Traceback (most recent call last):
  File "D:\Project Django Frameworks\GeneralDevelopmentSystem\GDS-Template\venv\Lib\site-packages\django\core\handlers\exception.py", line 55, in inner
    response = get_response(request)
  File "D:\Project Django Frameworks\GeneralDevelopmentSystem\GDS-Template\venv\Lib\site-packages\django\utils\deprecation.py", line 308, in __call__
    response = self.process_request(request)
  File "D:\Project Django Frameworks\GeneralDevelopmentSystem\GDS-Template\venv\Lib\site-packages\django\middleware\common.py", line 48, in process_request
    host = request.get_host()
  File "D:\Project Django Frameworks\GeneralDevelopmentSystem\GDS-Template\venv\Lib\site-packages\django\http\request.py", line 206, in get_host
    raise DisallowedHost(msg)
django.core.exceptions.DisallowedHost: Invalid HTTP_HOST header: 'testserver'. You may need to add 'testserver' to ALLOWED_HOSTS.
ERROR 2026-08-10 13:05:19,309 log Invalid HTTP_HOST header: 'testserver'. You may need to add 'testserver' to ALLOWED_HOSTS.
Traceback (most recent call last):
  File "D:\Project Django Frameworks\GeneralDevelopmentSystem\GDS-Template\venv\Lib\site-packages\django\core\handlers\exception.py", line 55, in inner
    response = get_response(request)
  File "D:\Project Django Frameworks\GeneralDevelopmentSystem\GDS-Template\venv\Lib\site-packages\django\utils\deprecation.py", line 308, in __call__
    response = self.process_request(request)
  File "D:\Project Django Frameworks\GeneralDevelopmentSystem\GDS-Template\venv\Lib\site-packages\django\middleware\common.py", line 48, in process_request
    host = request.get_host()
  File "D:\Project Django Frameworks\GeneralDevelopmentSystem\GDS-Template\venv\Lib\site-packages\django\http\request.py", line 206, in get_host
    raise DisallowedHost(msg)
django.core.exceptions.DisallowedHost: Invalid HTTP_HOST header: 'testserver'. You may need to add 'testserver' to ALLOWED_HOSTS.
ERROR 2026-08-10 13:05:19,327 log Invalid HTTP_HOST header: 'testserver'. You may need to add 'testserver' to ALLOWED_HOSTS.
Traceback (most recent call last):
  File "D:\Project Django Frameworks\GeneralDevelopmentSystem\GDS-Template\venv\Lib\site-packages\django\core\handlers\exception.py", line 55, in inner
    response = get_response(request)
  File "D:\Project Django Frameworks\GeneralDevelopmentSystem\GDS-Template\venv\Lib\site-packages\django\utils\deprecation.py", line 308, in __call__
    response = self.process_request(request)
  File "D:\Project Django Frameworks\GeneralDevelopmentSystem\GDS-Template\venv\Lib\site-packages\django\middleware\common.py", line 48, in process_request
    host = request.get_host()
  File "D:\Project Django Frameworks\GeneralDevelopmentSystem\GDS-Template\venv\Lib\site-packages\django\http\request.py", line 206, in get_host
    raise DisallowedHost(msg)
django.core.exceptions.DisallowedHost: Invalid HTTP_HOST header: 'testserver'. You may need to add 'testserver' to ALLOWED_HOSTS.
ERROR 2026-08-10 13:05:19,345 log Invalid HTTP_HOST header: 'testserver'. You may need to add 'testserver' to ALLOWED_HOSTS.
Traceback (most recent call last):
  File "D:\Project Django Frameworks\GeneralDevelopmentSystem\GDS-Template\venv\Lib\site-packages\django\core\handlers\exception.py", line 55, in inner
    response = get_response(request)
  File "D:\Project Django Frameworks\GeneralDevelopmentSystem\GDS-Template\venv\Lib\site-packages\django\utils\deprecation.py", line 308, in __call__
    response = self.process_request(request)
  File "D:\Project Django Frameworks\GeneralDevelopmentSystem\GDS-Template\venv\Lib\site-packages\django\middleware\common.py", line 48, in process_request
    host = request.get_host()
  File "D:\Project Django Frameworks\GeneralDevelopmentSystem\GDS-Template\venv\Lib\site-packages\django\http\request.py", line 206, in get_host
    raise DisallowedHost(msg)
django.core.exceptions.DisallowedHost: Invalid HTTP_HOST header: 'testserver'. You may need to add 'testserver' to ALLOWED_HOSTS.
ERROR 2026-08-10 13:05:19,361 log Invalid HTTP_HOST header: 'testserver'. You may need to add 'testserver' to ALLOWED_HOSTS.
Traceback (most recent call last):
  File "D:\Project Django Frameworks\GeneralDevelopmentSystem\GDS-Template\venv\Lib\site-packages\django\core\handlers\exception.py", line 55, in inner
    response = get_response(request)
  File "D:\Project Django Frameworks\GeneralDevelopmentSystem\GDS-Template\venv\Lib\site-packages\django\utils\deprecation.py", line 308, in __call__
    response = self.process_request(request)
  File "D:\Project Django Frameworks\GeneralDevelopmentSystem\GDS-Template\venv\Lib\site-packages\django\middleware\common.py", line 48, in process_request
    host = request.get_host()
  File "D:\Project Django Frameworks\GeneralDevelopmentSystem\GDS-Template\venv\Lib\site-packages\django\http\request.py", line 206, in get_host
    raise DisallowedHost(msg)
django.core.exceptions.DisallowedHost: Invalid HTTP_HOST header: 'testserver'. You may need to add 'testserver' to ALLOWED_HOSTS.
ERROR 2026-08-10 13:05:19,372 log Invalid HTTP_HOST header: 'testserver'. You may need to add 'testserver' to ALLOWED_HOSTS.
Traceback (most recent call last):
  File "D:\Project Django Frameworks\GeneralDevelopmentSystem\GDS-Template\venv\Lib\site-packages\django\core\handlers\exception.py", line 55, in inner
    response = get_response(request)
  File "D:\Project Django Frameworks\GeneralDevelopmentSystem\GDS-Template\venv\Lib\site-packages\django\utils\deprecation.py", line 308, in __call__
    response = self.process_request(request)
  File "D:\Project Django Frameworks\GeneralDevelopmentSystem\GDS-Template\venv\Lib\site-packages\django\middleware\common.py", line 48, in process_request
    host = request.get_host()
  File "D:\Project Django Frameworks\GeneralDevelopmentSystem\GDS-Template\venv\Lib\site-packages\django\http\request.py", line 206, in get_host
    raise DisallowedHost(msg)
django.core.exceptions.DisallowedHost: Invalid HTTP_HOST header: 'testserver'. You may need to add 'testserver' to ALLOWED_HOSTS.
ERROR 2026-08-10 13:05:19,381 log Invalid HTTP_HOST header: 'testserver'. You may need to add 'testserver' to ALLOWED_HOSTS.
Traceback (most recent call last):
  File "D:\Project Django Frameworks\GeneralDevelopmentSystem\GDS-Template\venv\Lib\site-packages\django\core\handlers\exception.py", line 55, in inner
    response = get_response(request)
  File "D:\Project Django Frameworks\GeneralDevelopmentSystem\GDS-Template\venv\Lib\site-packages\django\utils\deprecation.py", line 308, in __call__
    response = self.process_request(request)
  File "D:\Project Django Frameworks\GeneralDevelopmentSystem\GDS-Template\venv\Lib\site-packages\django\middleware\common.py", line 48, in process_request
    host = request.get_host()
  File "D:\Project Django Frameworks\GeneralDevelopmentSystem\GDS-Template\venv\Lib\site-packages\django\http\request.py", line 206, in get_host
    raise DisallowedHost(msg)
django.core.exceptions.DisallowedHost: Invalid HTTP_HOST header: 'testserver'. You may need to add 'testserver' to ALLOWED_HOSTS.
ERROR 2026-08-10 13:05:19,390 log Invalid HTTP_HOST header: 'testserver'. You may need to add 'testserver' to ALLOWED_HOSTS.
Traceback (most recent call last):
  File "D:\Project Django Frameworks\GeneralDevelopmentSystem\GDS-Template\venv\Lib\site-packages\django\core\handlers\exception.py", line 55, in inner
    response = get_response(request)
  File "D:\Project Django Frameworks\GeneralDevelopmentSystem\GDS-Template\venv\Lib\site-packages\django\utils\deprecation.py", line 308, in __call__
    response = self.process_request(request)
  File "D:\Project Django Frameworks\GeneralDevelopmentSystem\GDS-Template\venv\Lib\site-packages\django\middleware\common.py", line 48, in process_request
    host = request.get_host()
  File "D:\Project Django Frameworks\GeneralDevelopmentSystem\GDS-Template\venv\Lib\site-packages\django\http\request.py", line 206, in get_host
    raise DisallowedHost(msg)
django.core.exceptions.DisallowedHost: Invalid HTTP_HOST header: 'testserver'. You may need to add 'testserver' to ALLOWED_HOSTS.
ERROR 2026-08-10 13:05:19,399 log Invalid HTTP_HOST header: 'testserver'. You may need to add 'testserver' to ALLOWED_HOSTS.
Traceback (most recent call last):
  File "D:\Project Django Frameworks\GeneralDevelopmentSystem\GDS-Template\venv\Lib\site-packages\django\core\handlers\exception.py", line 55, in inner
    response = get_response(request)
  File "D:\Project Django Frameworks\GeneralDevelopmentSystem\GDS-Template\venv\Lib\site-packages\django\utils\deprecation.py", line 308, in __call__
    response = self.process_request(request)
  File "D:\Project Django Frameworks\GeneralDevelopmentSystem\GDS-Template\venv\Lib\site-packages\django\middleware\common.py", line 48, in process_request
    host = request.get_host()
  File "D:\Project Django Frameworks\GeneralDevelopmentSystem\GDS-Template\venv\Lib\site-packages\django\http\request.py", line 206, in get_host
    raise DisallowedHost(msg)
django.core.exceptions.DisallowedHost: Invalid HTTP_HOST header: 'testserver'. You may need to add 'testserver' to ALLOWED_HOSTS.
ERROR 2026-08-10 13:05:19,408 log Invalid HTTP_HOST header: 'testserver'. You may need to add 'testserver' to ALLOWED_HOSTS.
Traceback (most recent call last):
  File "D:\Project Django Frameworks\GeneralDevelopmentSystem\GDS-Template\venv\Lib\site-packages\django\core\handlers\exception.py", line 55, in inner
    response = get_response(request)
  File "D:\Project Django Frameworks\GeneralDevelopmentSystem\GDS-Template\venv\Lib\site-packages\django\utils\deprecation.py", line 308, in __call__
    response = self.process_request(request)
  File "D:\Project Django Frameworks\GeneralDevelopmentSystem\GDS-Template\venv\Lib\site-packages\django\middleware\common.py", line 48, in process_request
    host = request.get_host()
  File "D:\Project Django Frameworks\GeneralDevelopmentSystem\GDS-Template\venv\Lib\site-packages\django\http\request.py", line 206, in get_host
    raise DisallowedHost(msg)
django.core.exceptions.DisallowedHost: Invalid HTTP_HOST header: 'testserver'. You may need to add 'testserver' to ALLOWED_HOSTS.
ERROR 2026-08-10 13:05:19,417 log Invalid HTTP_HOST header: 'testserver'. You may need to add 'testserver' to ALLOWED_HOSTS.
Traceback (most recent call last):
  File "D:\Project Django Frameworks\GeneralDevelopmentSystem\GDS-Template\venv\Lib\site-packages\django\core\handlers\exception.py", line 55, in inner
    response = get_response(request)
  File "D:\Project Django Frameworks\GeneralDevelopmentSystem\GDS-Template\venv\Lib\site-packages\django\utils\deprecation.py", line 308, in __call__
    response = self.process_request(request)
  File "D:\Project Django Frameworks\GeneralDevelopmentSystem\GDS-Template\venv\Lib\site-packages\django\middleware\common.py", line 48, in process_request
    host = request.get_host()
  File "D:\Project Django Frameworks\GeneralDevelopmentSystem\GDS-Template\venv\Lib\site-packages\django\http\request.py", line 206, in get_host
    raise DisallowedHost(msg)
django.core.exceptions.DisallowedHost: Invalid HTTP_HOST header: 'testserver'. You may need to add 'testserver' to ALLOWED_HOSTS.
ERROR 2026-08-10 13:05:19,426 log Invalid HTTP_HOST header: 'testserver'. You may need to add 'testserver' to ALLOWED_HOSTS.
Traceback (most recent call last):
  File "D:\Project Django Frameworks\GeneralDevelopmentSystem\GDS-Template\venv\Lib\site-packages\django\core\handlers\exception.py", line 55, in inner
    response = get_response(request)
  File "D:\Project Django Frameworks\GeneralDevelopmentSystem\GDS-Template\venv\Lib\site-packages\django\utils\deprecation.py", line 308, in __call__
    response = self.process_request(request)
  File "D:\Project Django Frameworks\GeneralDevelopmentSystem\GDS-Template\venv\Lib\site-packages\django\middleware\common.py", line 48, in process_request
    host = request.get_host()
  File "D:\Project Django Frameworks\GeneralDevelopmentSystem\GDS-Template\venv\Lib\site-packages\django\http\request.py", line 206, in get_host
    raise DisallowedHost(msg)
django.core.exceptions.DisallowedHost: Invalid HTTP_HOST header: 'testserver'. You may need to add 'testserver' to ALLOWED_HOSTS.
ERROR 2026-08-10 13:05:19,436 log Invalid HTTP_HOST header: 'testserver'. You may need to add 'testserver' to ALLOWED_HOSTS.
Traceback (most recent call last):
  File "D:\Project Django Frameworks\GeneralDevelopmentSystem\GDS-Template\venv\Lib\site-packages\django\core\handlers\exception.py", line 55, in inner
    response = get_response(request)
  File "D:\Project Django Frameworks\GeneralDevelopmentSystem\GDS-Template\venv\Lib\site-packages\django\utils\deprecation.py", line 308, in __call__
    response = self.process_request(request)
  File "D:\Project Django Frameworks\GeneralDevelopmentSystem\GDS-Template\venv\Lib\site-packages\django\middleware\common.py", line 48, in process_request
    host = request.get_host()
  File "D:\Project Django Frameworks\GeneralDevelopmentSystem\GDS-Template\venv\Lib\site-packages\django\http\request.py", line 206, in get_host
    raise DisallowedHost(msg)
django.core.exceptions.DisallowedHost: Invalid HTTP_HOST header: 'testserver'. You may need to add 'testserver' to ALLOWED_HOSTS.
ERROR 2026-08-10 13:05:19,445 log Invalid HTTP_HOST header: 'testserver'. You may need to add 'testserver' to ALLOWED_HOSTS.
Traceback (most recent call last):
  File "D:\Project Django Frameworks\GeneralDevelopmentSystem\GDS-Template\venv\Lib\site-packages\django\core\handlers\exception.py", line 55, in inner
    response = get_response(request)
  File "D:\Project Django Frameworks\GeneralDevelopmentSystem\GDS-Template\venv\Lib\site-packages\django\utils\deprecation.py", line 308, in __call__
    response = self.process_request(request)
  File "D:\Project Django Frameworks\GeneralDevelopmentSystem\GDS-Template\venv\Lib\site-packages\django\middleware\common.py", line 48, in process_request
    host = request.get_host()
  File "D:\Project Django Frameworks\GeneralDevelopmentSystem\GDS-Template\venv\Lib\site-packages\django\http\request.py", line 206, in get_host
    raise DisallowedHost(msg)
django.core.exceptions.DisallowedHost: Invalid HTTP_HOST header: 'testserver'. You may need to add 'testserver' to ALLOWED_HOSTS.
ERROR 2026-08-10 13:05:19,454 log Invalid HTTP_HOST header: 'testserver'. You may need to add 'testserver' to ALLOWED_HOSTS.
Traceback (most recent call last):
  File "D:\Project Django Frameworks\GeneralDevelopmentSystem\GDS-Template\venv\Lib\site-packages\django\core\handlers\exception.py", line 55, in inner
    response = get_response(request)
  File "D:\Project Django Frameworks\GeneralDevelopmentSystem\GDS-Template\venv\Lib\site-packages\django\utils\deprecation.py", line 308, in __call__
    response = self.process_request(request)
  File "D:\Project Django Frameworks\GeneralDevelopmentSystem\GDS-Template\venv\Lib\site-packages\django\middleware\common.py", line 48, in process_request
    host = request.get_host()
  File "D:\Project Django Frameworks\GeneralDevelopmentSystem\GDS-Template\venv\Lib\site-packages\django\http\request.py", line 206, in get_host
    raise DisallowedHost(msg)
django.core.exceptions.DisallowedHost: Invalid HTTP_HOST header: 'testserver'. You may need to add 'testserver' to ALLOWED_HOSTS.
ERROR 2026-08-10 13:08:51,063 log Internal Server Error: /api/auth/login
Traceback (most recent call last):
  File "D:\Project Django Frameworks\GeneralDevelopmentSystem\GDS-Template\venv\Lib\site-packages\django\db\backends\utils.py", line 105, in _execute
    return self.cursor.execute(sql, params)
           ~~~~~~~~~~~~~~~~~~~^^^^^^^^^^^^^
  File "D:\Project Django Frameworks\GeneralDevelopmentSystem\GDS-Template\venv\Lib\site-packages\django\db\backends\sqlite3\base.py", line 359, in execute
    return super().execute(query, params)
           ~~~~~~~~~~~~~~~^^^^^^^^^^^^^^^
sqlite3.OperationalError: no such table: accounts_user

The above exception was the direct cause of the following exception:

Traceback (most recent call last):
  File "D:\Project Django Frameworks\GeneralDevelopmentSystem\GDS-Template\venv\Lib\site-packages\django\core\handlers\exception.py", line 55, in inner
    response = get_response(request)
  File "D:\Project Django Frameworks\GeneralDevelopmentSystem\GDS-Template\venv\Lib\site-packages\django\core\handlers\base.py", line 198, in _get_response
    response = wrapped_callback(request, *callback_args, **callback_kwargs)
  File "D:\Project Django Frameworks\GeneralDevelopmentSystem\GDS-Template\venv\Lib\site-packages\django\views\decorators\csrf.py", line 65, in _view_wrapper
    return view_func(request, *args, **kwargs)
  File "D:\Project Django Frameworks\GeneralDevelopmentSystem\GDS-Template\venv\Lib\site-packages\django\utils\decorators.py", line 192, in _view_wrapper
    result = _process_exception(request, e)
  File "D:\Project Django Frameworks\GeneralDevelopmentSystem\GDS-Template\venv\Lib\site-packages\django\utils\decorators.py", line 190, in _view_wrapper
    response = view_func(request, *args, **kwargs)
  File "D:\Project Django Frameworks\GeneralDevelopmentSystem\GDS-Template\apps\accounts\views\auth.py", line 55, in auth_login
    user = authenticate(request, username=username, password=password)
  File "D:\Project Django Frameworks\GeneralDevelopmentSystem\GDS-Template\venv\Lib\site-packages\django\views\decorators\debug.py", line 75, in sensitive_variables_wrapper
    return func(*func_args, **func_kwargs)
  File "D:\Project Django Frameworks\GeneralDevelopmentSystem\GDS-Template\venv\Lib\site-packages\django\contrib\auth\__init__.py", line 114, in authenticate
    user = backend.authenticate(request, **credentials)
  File "D:\Project Django Frameworks\GeneralDevelopmentSystem\GDS-Template\venv\Lib\site-packages\django\contrib\auth\backends.py", line 65, in authenticate
    user = UserModel._default_manager.get_by_natural_key(username)
  File "D:\Project Django Frameworks\GeneralDevelopmentSystem\GDS-Template\venv\Lib\site-packages\django\contrib\auth\base_user.py", line 37, in get_by_natural_key
    return self.get(**{self.model.USERNAME_FIELD: username})
           ~~~~~~~~^^^^^^^^^^^^^^^^^^^^^^^^^^^^^^^^^^^^^^^^^
  File "D:\Project Django Frameworks\GeneralDevelopmentSystem\GDS-Template\venv\Lib\site-packages\django\db\models\manager.py", line 87, in manager_method
    return getattr(self.get_queryset(), name)(*args, **kwargs)
           ~~~~~~~~~~~~~~~~~~~~~~~~~~~~~~~~~~^^^^^^^^^^^^^^^^^
  File "D:\Project Django Frameworks\GeneralDevelopmentSystem\GDS-Template\venv\Lib\site-packages\django\db\models\query.py", line 635, in get
    num = len(clone)
  File "D:\Project Django Frameworks\GeneralDevelopmentSystem\GDS-Template\venv\Lib\site-packages\django\db\models\query.py", line 372, in __len__
    self._fetch_all()
    ~~~~~~~~~~~~~~~^^
  File "D:\Project Django Frameworks\GeneralDevelopmentSystem\GDS-Template\venv\Lib\site-packages\django\db\models\query.py", line 2000, in _fetch_all
    self._result_cache = list(self._iterable_class(self))
                         ~~~~^^^^^^^^^^^^^^^^^^^^^^^^^^^^
  File "D:\Project Django Frameworks\GeneralDevelopmentSystem\GDS-Template\venv\Lib\site-packages\django\db\models\query.py", line 95, in __iter__
    results = compiler.execute_sql(
        chunked_fetch=self.chunked_fetch, chunk_size=self.chunk_size
    )
  File "D:\Project Django Frameworks\GeneralDevelopmentSystem\GDS-Template\venv\Lib\site-packages\django\db\models\sql\compiler.py", line 1624, in execute_sql
    cursor.execute(sql, params)
    ~~~~~~~~~~~~~~^^^^^^^^^^^^^
  File "D:\Project Django Frameworks\GeneralDevelopmentSystem\GDS-Template\venv\Lib\site-packages\django\db\backends\utils.py", line 122, in execute
    return super().execute(sql, params)
           ~~~~~~~~~~~~~~~^^^^^^^^^^^^^
  File "D:\Project Django Frameworks\GeneralDevelopmentSystem\GDS-Template\venv\Lib\site-packages\django\db\backends\utils.py", line 79, in execute
    return self._execute_with_wrappers(
           ~~~~~~~~~~~~~~~~~~~~~~~~~~~^
        sql, params, many=False, executor=self._execute
        ^^^^^^^^^^^^^^^^^^^^^^^^^^^^^^^^^^^^^^^^^^^^^^^
    )
    ^
  File "D:\Project Django Frameworks\GeneralDevelopmentSystem\GDS-Template\venv\Lib\site-packages\django\db\backends\utils.py", line 92, in _execute_with_wrappers
    return executor(sql, params, many, context)
  File "D:\Project Django Frameworks\GeneralDevelopmentSystem\GDS-Template\venv\Lib\site-packages\django\db\backends\utils.py", line 100, in _execute
    with self.db.wrap_database_errors:
         ^^^^^^^^^^^^^^^^^^^^^^^^^^^^
  File "D:\Project Django Frameworks\GeneralDevelopmentSystem\GDS-Template\venv\Lib\site-packages\django\db\utils.py", line 94, in __exit__
    raise dj_exc_value.with_traceback(traceback) from exc_value
  File "D:\Project Django Frameworks\GeneralDevelopmentSystem\GDS-Template\venv\Lib\site-packages\django\db\backends\utils.py", line 105, in _execute
    return self.cursor.execute(sql, params)
           ~~~~~~~~~~~~~~~~~~~^^^^^^^^^^^^^
  File "D:\Project Django Frameworks\GeneralDevelopmentSystem\GDS-Template\venv\Lib\site-packages\django\db\backends\sqlite3\base.py", line 359, in execute
    return super().execute(query, params)
           ~~~~~~~~~~~~~~~^^^^^^^^^^^^^^^
django.db.utils.OperationalError: no such table: accounts_user
ERROR 2026-08-10 13:08:51,079 log "POST /api/auth/login HTTP/1.1" 500 182791
ERROR 2026-08-10 13:08:55,200 log Internal Server Error: /api/auth/login
Traceback (most recent call last):
  File "D:\Project Django Frameworks\GeneralDevelopmentSystem\GDS-Template\venv\Lib\site-packages\django\db\backends\utils.py", line 105, in _execute
    return self.cursor.execute(sql, params)
           ~~~~~~~~~~~~~~~~~~~^^^^^^^^^^^^^
  File "D:\Project Django Frameworks\GeneralDevelopmentSystem\GDS-Template\venv\Lib\site-packages\django\db\backends\sqlite3\base.py", line 359, in execute
    return super().execute(query, params)
           ~~~~~~~~~~~~~~~^^^^^^^^^^^^^^^
sqlite3.OperationalError: no such table: accounts_user

The above exception was the direct cause of the following exception:

Traceback (most recent call last):
  File "D:\Project Django Frameworks\GeneralDevelopmentSystem\GDS-Template\venv\Lib\site-packages\django\core\handlers\exception.py", line 55, in inner
    response = get_response(request)
  File "D:\Project Django Frameworks\GeneralDevelopmentSystem\GDS-Template\venv\Lib\site-packages\django\core\handlers\base.py", line 198, in _get_response
    response = wrapped_callback(request, *callback_args, **callback_kwargs)
  File "D:\Project Django Frameworks\GeneralDevelopmentSystem\GDS-Template\venv\Lib\site-packages\django\views\decorators\csrf.py", line 65, in _view_wrapper
    return view_func(request, *args, **kwargs)
  File "D:\Project Django Frameworks\GeneralDevelopmentSystem\GDS-Template\venv\Lib\site-packages\django\utils\decorators.py", line 192, in _view_wrapper
    result = _process_exception(request, e)
  File "D:\Project Django Frameworks\GeneralDevelopmentSystem\GDS-Template\venv\Lib\site-packages\django\utils\decorators.py", line 190, in _view_wrapper
    response = view_func(request, *args, **kwargs)
  File "D:\Project Django Frameworks\GeneralDevelopmentSystem\GDS-Template\apps\accounts\views\auth.py", line 55, in auth_login
    user = authenticate(request, username=username, password=password)
  File "D:\Project Django Frameworks\GeneralDevelopmentSystem\GDS-Template\venv\Lib\site-packages\django\views\decorators\debug.py", line 75, in sensitive_variables_wrapper
    return func(*func_args, **func_kwargs)
  File "D:\Project Django Frameworks\GeneralDevelopmentSystem\GDS-Template\venv\Lib\site-packages\django\contrib\auth\__init__.py", line 114, in authenticate
    user = backend.authenticate(request, **credentials)
  File "D:\Project Django Frameworks\GeneralDevelopmentSystem\GDS-Template\venv\Lib\site-packages\django\contrib\auth\backends.py", line 65, in authenticate
    user = UserModel._default_manager.get_by_natural_key(username)
  File "D:\Project Django Frameworks\GeneralDevelopmentSystem\GDS-Template\venv\Lib\site-packages\django\contrib\auth\base_user.py", line 37, in get_by_natural_key
    return self.get(**{self.model.USERNAME_FIELD: username})
           ~~~~~~~~^^^^^^^^^^^^^^^^^^^^^^^^^^^^^^^^^^^^^^^^^
  File "D:\Project Django Frameworks\GeneralDevelopmentSystem\GDS-Template\venv\Lib\site-packages\django\db\models\manager.py", line 87, in manager_method
    return getattr(self.get_queryset(), name)(*args, **kwargs)
           ~~~~~~~~~~~~~~~~~~~~~~~~~~~~~~~~~~^^^^^^^^^^^^^^^^^
  File "D:\Project Django Frameworks\GeneralDevelopmentSystem\GDS-Template\venv\Lib\site-packages\django\db\models\query.py", line 635, in get
    num = len(clone)
  File "D:\Project Django Frameworks\GeneralDevelopmentSystem\GDS-Template\venv\Lib\site-packages\django\db\models\query.py", line 372, in __len__
    self._fetch_all()
    ~~~~~~~~~~~~~~~^^
  File "D:\Project Django Frameworks\GeneralDevelopmentSystem\GDS-Template\venv\Lib\site-packages\django\db\models\query.py", line 2000, in _fetch_all
    self._result_cache = list(self._iterable_class(self))
                         ~~~~^^^^^^^^^^^^^^^^^^^^^^^^^^^^
  File "D:\Project Django Frameworks\GeneralDevelopmentSystem\GDS-Template\venv\Lib\site-packages\django\db\models\query.py", line 95, in __iter__
    results = compiler.execute_sql(
        chunked_fetch=self.chunked_fetch, chunk_size=self.chunk_size
    )
  File "D:\Project Django Frameworks\GeneralDevelopmentSystem\GDS-Template\venv\Lib\site-packages\django\db\models\sql\compiler.py", line 1624, in execute_sql
    cursor.execute(sql, params)
    ~~~~~~~~~~~~~~^^^^^^^^^^^^^
  File "D:\Project Django Frameworks\GeneralDevelopmentSystem\GDS-Template\venv\Lib\site-packages\django\db\backends\utils.py", line 122, in execute
    return super().execute(sql, params)
           ~~~~~~~~~~~~~~~^^^^^^^^^^^^^
  File "D:\Project Django Frameworks\GeneralDevelopmentSystem\GDS-Template\venv\Lib\site-packages\django\db\backends\utils.py", line 79, in execute
    return self._execute_with_wrappers(
           ~~~~~~~~~~~~~~~~~~~~~~~~~~~^
        sql, params, many=False, executor=self._execute
        ^^^^^^^^^^^^^^^^^^^^^^^^^^^^^^^^^^^^^^^^^^^^^^^
    )
    ^
  File "D:\Project Django Frameworks\GeneralDevelopmentSystem\GDS-Template\venv\Lib\site-packages\django\db\backends\utils.py", line 92, in _execute_with_wrappers
    return executor(sql, params, many, context)
  File "D:\Project Django Frameworks\GeneralDevelopmentSystem\GDS-Template\venv\Lib\site-packages\django\db\backends\utils.py", line 100, in _execute
    with self.db.wrap_database_errors:
         ^^^^^^^^^^^^^^^^^^^^^^^^^^^^
  File "D:\Project Django Frameworks\GeneralDevelopmentSystem\GDS-Template\venv\Lib\site-packages\django\db\utils.py", line 94, in __exit__
    raise dj_exc_value.with_traceback(traceback) from exc_value
  File "D:\Project Django Frameworks\GeneralDevelopmentSystem\GDS-Template\venv\Lib\site-packages\django\db\backends\utils.py", line 105, in _execute
    return self.cursor.execute(sql, params)
           ~~~~~~~~~~~~~~~~~~~^^^^^^^^^^^^^
  File "D:\Project Django Frameworks\GeneralDevelopmentSystem\GDS-Template\venv\Lib\site-packages\django\db\backends\sqlite3\base.py", line 359, in execute
    return super().execute(query, params)
           ~~~~~~~~~~~~~~~^^^^^^^^^^^^^^^
django.db.utils.OperationalError: no such table: accounts_user
ERROR 2026-08-10 13:08:55,207 log "POST /api/auth/login HTTP/1.1" 500 182791
ERROR 2026-08-10 13:08:56,263 log Internal Server Error: /api/auth/login
Traceback (most recent call last):
  File "D:\Project Django Frameworks\GeneralDevelopmentSystem\GDS-Template\venv\Lib\site-packages\django\db\backends\utils.py", line 105, in _execute
    return self.cursor.execute(sql, params)
           ~~~~~~~~~~~~~~~~~~~^^^^^^^^^^^^^
  File "D:\Project Django Frameworks\GeneralDevelopmentSystem\GDS-Template\venv\Lib\site-packages\django\db\backends\sqlite3\base.py", line 359, in execute
    return super().execute(query, params)
           ~~~~~~~~~~~~~~~^^^^^^^^^^^^^^^
sqlite3.OperationalError: no such table: accounts_user

The above exception was the direct cause of the following exception:

Traceback (most recent call last):
  File "D:\Project Django Frameworks\GeneralDevelopmentSystem\GDS-Template\venv\Lib\site-packages\django\core\handlers\exception.py", line 55, in inner
    response = get_response(request)
  File "D:\Project Django Frameworks\GeneralDevelopmentSystem\GDS-Template\venv\Lib\site-packages\django\core\handlers\base.py", line 198, in _get_response
    response = wrapped_callback(request, *callback_args, **callback_kwargs)
  File "D:\Project Django Frameworks\GeneralDevelopmentSystem\GDS-Template\venv\Lib\site-packages\django\views\decorators\csrf.py", line 65, in _view_wrapper
    return view_func(request, *args, **kwargs)
  File "D:\Project Django Frameworks\GeneralDevelopmentSystem\GDS-Template\venv\Lib\site-packages\django\utils\decorators.py", line 192, in _view_wrapper
    result = _process_exception(request, e)
  File "D:\Project Django Frameworks\GeneralDevelopmentSystem\GDS-Template\venv\Lib\site-packages\django\utils\decorators.py", line 190, in _view_wrapper
    response = view_func(request, *args, **kwargs)
  File "D:\Project Django Frameworks\GeneralDevelopmentSystem\GDS-Template\apps\accounts\views\auth.py", line 55, in auth_login
    user = authenticate(request, username=username, password=password)
  File "D:\Project Django Frameworks\GeneralDevelopmentSystem\GDS-Template\venv\Lib\site-packages\django\views\decorators\debug.py", line 75, in sensitive_variables_wrapper
    return func(*func_args, **func_kwargs)
  File "D:\Project Django Frameworks\GeneralDevelopmentSystem\GDS-Template\venv\Lib\site-packages\django\contrib\auth\__init__.py", line 114, in authenticate
    user = backend.authenticate(request, **credentials)
  File "D:\Project Django Frameworks\GeneralDevelopmentSystem\GDS-Template\venv\Lib\site-packages\django\contrib\auth\backends.py", line 65, in authenticate
    user = UserModel._default_manager.get_by_natural_key(username)
  File "D:\Project Django Frameworks\GeneralDevelopmentSystem\GDS-Template\venv\Lib\site-packages\django\contrib\auth\base_user.py", line 37, in get_by_natural_key
    return self.get(**{self.model.USERNAME_FIELD: username})
           ~~~~~~~~^^^^^^^^^^^^^^^^^^^^^^^^^^^^^^^^^^^^^^^^^
  File "D:\Project Django Frameworks\GeneralDevelopmentSystem\GDS-Template\venv\Lib\site-packages\django\db\models\manager.py", line 87, in manager_method
    return getattr(self.get_queryset(), name)(*args, **kwargs)
           ~~~~~~~~~~~~~~~~~~~~~~~~~~~~~~~~~~^^^^^^^^^^^^^^^^^
  File "D:\Project Django Frameworks\GeneralDevelopmentSystem\GDS-Template\venv\Lib\site-packages\django\db\models\query.py", line 635, in get
    num = len(clone)
  File "D:\Project Django Frameworks\GeneralDevelopmentSystem\GDS-Template\venv\Lib\site-packages\django\db\models\query.py", line 372, in __len__
    self._fetch_all()
    ~~~~~~~~~~~~~~~^^
  File "D:\Project Django Frameworks\GeneralDevelopmentSystem\GDS-Template\venv\Lib\site-packages\django\db\models\query.py", line 2000, in _fetch_all
    self._result_cache = list(self._iterable_class(self))
                         ~~~~^^^^^^^^^^^^^^^^^^^^^^^^^^^^
  File "D:\Project Django Frameworks\GeneralDevelopmentSystem\GDS-Template\venv\Lib\site-packages\django\db\models\query.py", line 95, in __iter__
    results = compiler.execute_sql(
        chunked_fetch=self.chunked_fetch, chunk_size=self.chunk_size
    )
  File "D:\Project Django Frameworks\GeneralDevelopmentSystem\GDS-Template\venv\Lib\site-packages\django\db\models\sql\compiler.py", line 1624, in execute_sql
    cursor.execute(sql, params)
    ~~~~~~~~~~~~~~^^^^^^^^^^^^^
  File "D:\Project Django Frameworks\GeneralDevelopmentSystem\GDS-Template\venv\Lib\site-packages\django\db\backends\utils.py", line 122, in execute
    return super().execute(sql, params)
           ~~~~~~~~~~~~~~~^^^^^^^^^^^^^
  File "D:\Project Django Frameworks\GeneralDevelopmentSystem\GDS-Template\venv\Lib\site-packages\django\db\backends\utils.py", line 79, in execute
    return self._execute_with_wrappers(
           ~~~~~~~~~~~~~~~~~~~~~~~~~~~^
        sql, params, many=False, executor=self._execute
        ^^^^^^^^^^^^^^^^^^^^^^^^^^^^^^^^^^^^^^^^^^^^^^^
    )
    ^
  File "D:\Project Django Frameworks\GeneralDevelopmentSystem\GDS-Template\venv\Lib\site-packages\django\db\backends\utils.py", line 92, in _execute_with_wrappers
    return executor(sql, params, many, context)
  File "D:\Project Django Frameworks\GeneralDevelopmentSystem\GDS-Template\venv\Lib\site-packages\django\db\backends\utils.py", line 100, in _execute
    with self.db.wrap_database_errors:
         ^^^^^^^^^^^^^^^^^^^^^^^^^^^^
  File "D:\Project Django Frameworks\GeneralDevelopmentSystem\GDS-Template\venv\Lib\site-packages\django\db\utils.py", line 94, in __exit__
    raise dj_exc_value.with_traceback(traceback) from exc_value
  File "D:\Project Django Frameworks\GeneralDevelopmentSystem\GDS-Template\venv\Lib\site-packages\django\db\backends\utils.py", line 105, in _execute
    return self.cursor.execute(sql, params)
           ~~~~~~~~~~~~~~~~~~~^^^^^^^^^^^^^
  File "D:\Project Django Frameworks\GeneralDevelopmentSystem\GDS-Template\venv\Lib\site-packages\django\db\backends\sqlite3\base.py", line 359, in execute
    return super().execute(query, params)
           ~~~~~~~~~~~~~~~^^^^^^^^^^^^^^^
django.db.utils.OperationalError: no such table: accounts_user
ERROR 2026-08-10 13:08:56,270 log "POST /api/auth/login HTTP/1.1" 500 182791
ERROR 2026-08-10 13:08:56,933 log Internal Server Error: /api/auth/login
Traceback (most recent call last):
  File "D:\Project Django Frameworks\GeneralDevelopmentSystem\GDS-Template\venv\Lib\site-packages\django\db\backends\utils.py", line 105, in _execute
    return self.cursor.execute(sql, params)
           ~~~~~~~~~~~~~~~~~~~^^^^^^^^^^^^^
  File "D:\Project Django Frameworks\GeneralDevelopmentSystem\GDS-Template\venv\Lib\site-packages\django\db\backends\sqlite3\base.py", line 359, in execute
    return super().execute(query, params)
           ~~~~~~~~~~~~~~~^^^^^^^^^^^^^^^
sqlite3.OperationalError: no such table: accounts_user

The above exception was the direct cause of the following exception:

Traceback (most recent call last):
  File "D:\Project Django Frameworks\GeneralDevelopmentSystem\GDS-Template\venv\Lib\site-packages\django\core\handlers\exception.py", line 55, in inner
    response = get_response(request)
  File "D:\Project Django Frameworks\GeneralDevelopmentSystem\GDS-Template\venv\Lib\site-packages\django\core\handlers\base.py", line 198, in _get_response
    response = wrapped_callback(request, *callback_args, **callback_kwargs)
  File "D:\Project Django Frameworks\GeneralDevelopmentSystem\GDS-Template\venv\Lib\site-packages\django\views\decorators\csrf.py", line 65, in _view_wrapper
    return view_func(request, *args, **kwargs)
  File "D:\Project Django Frameworks\GeneralDevelopmentSystem\GDS-Template\venv\Lib\site-packages\django\utils\decorators.py", line 192, in _view_wrapper
    result = _process_exception(request, e)
  File "D:\Project Django Frameworks\GeneralDevelopmentSystem\GDS-Template\venv\Lib\site-packages\django\utils\decorators.py", line 190, in _view_wrapper
    response = view_func(request, *args, **kwargs)
  File "D:\Project Django Frameworks\GeneralDevelopmentSystem\GDS-Template\apps\accounts\views\auth.py", line 55, in auth_login
    user = authenticate(request, username=username, password=password)
  File "D:\Project Django Frameworks\GeneralDevelopmentSystem\GDS-Template\venv\Lib\site-packages\django\views\decorators\debug.py", line 75, in sensitive_variables_wrapper
    return func(*func_args, **func_kwargs)
  File "D:\Project Django Frameworks\GeneralDevelopmentSystem\GDS-Template\venv\Lib\site-packages\django\contrib\auth\__init__.py", line 114, in authenticate
    user = backend.authenticate(request, **credentials)
  File "D:\Project Django Frameworks\GeneralDevelopmentSystem\GDS-Template\venv\Lib\site-packages\django\contrib\auth\backends.py", line 65, in authenticate
    user = UserModel._default_manager.get_by_natural_key(username)
  File "D:\Project Django Frameworks\GeneralDevelopmentSystem\GDS-Template\venv\Lib\site-packages\django\contrib\auth\base_user.py", line 37, in get_by_natural_key
    return self.get(**{self.model.USERNAME_FIELD: username})
           ~~~~~~~~^^^^^^^^^^^^^^^^^^^^^^^^^^^^^^^^^^^^^^^^^
  File "D:\Project Django Frameworks\GeneralDevelopmentSystem\GDS-Template\venv\Lib\site-packages\django\db\models\manager.py", line 87, in manager_method
    return getattr(self.get_queryset(), name)(*args, **kwargs)
           ~~~~~~~~~~~~~~~~~~~~~~~~~~~~~~~~~~^^^^^^^^^^^^^^^^^
  File "D:\Project Django Frameworks\GeneralDevelopmentSystem\GDS-Template\venv\Lib\site-packages\django\db\models\query.py", line 635, in get
    num = len(clone)
  File "D:\Project Django Frameworks\GeneralDevelopmentSystem\GDS-Template\venv\Lib\site-packages\django\db\models\query.py", line 372, in __len__
    self._fetch_all()
    ~~~~~~~~~~~~~~~^^
  File "D:\Project Django Frameworks\GeneralDevelopmentSystem\GDS-Template\venv\Lib\site-packages\django\db\models\query.py", line 2000, in _fetch_all
    self._result_cache = list(self._iterable_class(self))
                         ~~~~^^^^^^^^^^^^^^^^^^^^^^^^^^^^
  File "D:\Project Django Frameworks\GeneralDevelopmentSystem\GDS-Template\venv\Lib\site-packages\django\db\models\query.py", line 95, in __iter__
    results = compiler.execute_sql(
        chunked_fetch=self.chunked_fetch, chunk_size=self.chunk_size
    )
  File "D:\Project Django Frameworks\GeneralDevelopmentSystem\GDS-Template\venv\Lib\site-packages\django\db\models\sql\compiler.py", line 1624, in execute_sql
    cursor.execute(sql, params)
    ~~~~~~~~~~~~~~^^^^^^^^^^^^^
  File "D:\Project Django Frameworks\GeneralDevelopmentSystem\GDS-Template\venv\Lib\site-packages\django\db\backends\utils.py", line 122, in execute
    return super().execute(sql, params)
           ~~~~~~~~~~~~~~~^^^^^^^^^^^^^
  File "D:\Project Django Frameworks\GeneralDevelopmentSystem\GDS-Template\venv\Lib\site-packages\django\db\backends\utils.py", line 79, in execute
    return self._execute_with_wrappers(
           ~~~~~~~~~~~~~~~~~~~~~~~~~~~^
        sql, params, many=False, executor=self._execute
        ^^^^^^^^^^^^^^^^^^^^^^^^^^^^^^^^^^^^^^^^^^^^^^^
    )
    ^
  File "D:\Project Django Frameworks\GeneralDevelopmentSystem\GDS-Template\venv\Lib\site-packages\django\db\backends\utils.py", line 92, in _execute_with_wrappers
    return executor(sql, params, many, context)
  File "D:\Project Django Frameworks\GeneralDevelopmentSystem\GDS-Template\venv\Lib\site-packages\django\db\backends\utils.py", line 100, in _execute
    with self.db.wrap_database_errors:
         ^^^^^^^^^^^^^^^^^^^^^^^^^^^^
  File "D:\Project Django Frameworks\GeneralDevelopmentSystem\GDS-Template\venv\Lib\site-packages\django\db\utils.py", line 94, in __exit__
    raise dj_exc_value.with_traceback(traceback) from exc_value
  File "D:\Project Django Frameworks\GeneralDevelopmentSystem\GDS-Template\venv\Lib\site-packages\django\db\backends\utils.py", line 105, in _execute
    return self.cursor.execute(sql, params)
           ~~~~~~~~~~~~~~~~~~~^^^^^^^^^^^^^
  File "D:\Project Django Frameworks\GeneralDevelopmentSystem\GDS-Template\venv\Lib\site-packages\django\db\backends\sqlite3\base.py", line 359, in execute
    return super().execute(query, params)
           ~~~~~~~~~~~~~~~^^^^^^^^^^^^^^^
django.db.utils.OperationalError: no such table: accounts_user
ERROR 2026-08-10 13:08:56,938 log "POST /api/auth/login HTTP/1.1" 500 182791
ERROR 2026-08-10 13:08:57,516 log Internal Server Error: /api/auth/login
Traceback (most recent call last):
  File "D:\Project Django Frameworks\GeneralDevelopmentSystem\GDS-Template\venv\Lib\site-packages\django\db\backends\utils.py", line 105, in _execute
    return self.cursor.execute(sql, params)
           ~~~~~~~~~~~~~~~~~~~^^^^^^^^^^^^^
  File "D:\Project Django Frameworks\GeneralDevelopmentSystem\GDS-Template\venv\Lib\site-packages\django\db\backends\sqlite3\base.py", line 359, in execute
    return super().execute(query, params)
           ~~~~~~~~~~~~~~~^^^^^^^^^^^^^^^
sqlite3.OperationalError: no such table: accounts_user

The above exception was the direct cause of the following exception:

Traceback (most recent call last):
  File "D:\Project Django Frameworks\GeneralDevelopmentSystem\GDS-Template\venv\Lib\site-packages\django\core\handlers\exception.py", line 55, in inner
    response = get_response(request)
  File "D:\Project Django Frameworks\GeneralDevelopmentSystem\GDS-Template\venv\Lib\site-packages\django\core\handlers\base.py", line 198, in _get_response
    response = wrapped_callback(request, *callback_args, **callback_kwargs)
  File "D:\Project Django Frameworks\GeneralDevelopmentSystem\GDS-Template\venv\Lib\site-packages\django\views\decorators\csrf.py", line 65, in _view_wrapper
    return view_func(request, *args, **kwargs)
  File "D:\Project Django Frameworks\GeneralDevelopmentSystem\GDS-Template\venv\Lib\site-packages\django\utils\decorators.py", line 192, in _view_wrapper
    result = _process_exception(request, e)
  File "D:\Project Django Frameworks\GeneralDevelopmentSystem\GDS-Template\venv\Lib\site-packages\django\utils\decorators.py", line 190, in _view_wrapper
    response = view_func(request, *args, **kwargs)
  File "D:\Project Django Frameworks\GeneralDevelopmentSystem\GDS-Template\apps\accounts\views\auth.py", line 55, in auth_login
    user = authenticate(request, username=username, password=password)
  File "D:\Project Django Frameworks\GeneralDevelopmentSystem\GDS-Template\venv\Lib\site-packages\django\views\decorators\debug.py", line 75, in sensitive_variables_wrapper
    return func(*func_args, **func_kwargs)
  File "D:\Project Django Frameworks\GeneralDevelopmentSystem\GDS-Template\venv\Lib\site-packages\django\contrib\auth\__init__.py", line 114, in authenticate
    user = backend.authenticate(request, **credentials)
  File "D:\Project Django Frameworks\GeneralDevelopmentSystem\GDS-Template\venv\Lib\site-packages\django\contrib\auth\backends.py", line 65, in authenticate
    user = UserModel._default_manager.get_by_natural_key(username)
  File "D:\Project Django Frameworks\GeneralDevelopmentSystem\GDS-Template\venv\Lib\site-packages\django\contrib\auth\base_user.py", line 37, in get_by_natural_key
    return self.get(**{self.model.USERNAME_FIELD: username})
           ~~~~~~~~^^^^^^^^^^^^^^^^^^^^^^^^^^^^^^^^^^^^^^^^^
  File "D:\Project Django Frameworks\GeneralDevelopmentSystem\GDS-Template\venv\Lib\site-packages\django\db\models\manager.py", line 87, in manager_method
    return getattr(self.get_queryset(), name)(*args, **kwargs)
           ~~~~~~~~~~~~~~~~~~~~~~~~~~~~~~~~~~^^^^^^^^^^^^^^^^^
  File "D:\Project Django Frameworks\GeneralDevelopmentSystem\GDS-Template\venv\Lib\site-packages\django\db\models\query.py", line 635, in get
    num = len(clone)
  File "D:\Project Django Frameworks\GeneralDevelopmentSystem\GDS-Template\venv\Lib\site-packages\django\db\models\query.py", line 372, in __len__
    self._fetch_all()
    ~~~~~~~~~~~~~~~^^
  File "D:\Project Django Frameworks\GeneralDevelopmentSystem\GDS-Template\venv\Lib\site-packages\django\db\models\query.py", line 2000, in _fetch_all
    self._result_cache = list(self._iterable_class(self))
                         ~~~~^^^^^^^^^^^^^^^^^^^^^^^^^^^^
  File "D:\Project Django Frameworks\GeneralDevelopmentSystem\GDS-Template\venv\Lib\site-packages\django\db\models\query.py", line 95, in __iter__
    results = compiler.execute_sql(
        chunked_fetch=self.chunked_fetch, chunk_size=self.chunk_size
    )
  File "D:\Project Django Frameworks\GeneralDevelopmentSystem\GDS-Template\venv\Lib\site-packages\django\db\models\sql\compiler.py", line 1624, in execute_sql
    cursor.execute(sql, params)
    ~~~~~~~~~~~~~~^^^^^^^^^^^^^
  File "D:\Project Django Frameworks\GeneralDevelopmentSystem\GDS-Template\venv\Lib\site-packages\django\db\backends\utils.py", line 122, in execute
    return super().execute(sql, params)
           ~~~~~~~~~~~~~~~^^^^^^^^^^^^^
  File "D:\Project Django Frameworks\GeneralDevelopmentSystem\GDS-Template\venv\Lib\site-packages\django\db\backends\utils.py", line 79, in execute
    return self._execute_with_wrappers(
           ~~~~~~~~~~~~~~~~~~~~~~~~~~~^
        sql, params, many=False, executor=self._execute
        ^^^^^^^^^^^^^^^^^^^^^^^^^^^^^^^^^^^^^^^^^^^^^^^
    )
    ^
  File "D:\Project Django Frameworks\GeneralDevelopmentSystem\GDS-Template\venv\Lib\site-packages\django\db\backends\utils.py", line 92, in _execute_with_wrappers
    return executor(sql, params, many, context)
  File "D:\Project Django Frameworks\GeneralDevelopmentSystem\GDS-Template\venv\Lib\site-packages\django\db\backends\utils.py", line 100, in _execute
    with self.db.wrap_database_errors:
         ^^^^^^^^^^^^^^^^^^^^^^^^^^^^
  File "D:\Project Django Frameworks\GeneralDevelopmentSystem\GDS-Template\venv\Lib\site-packages\django\db\utils.py", line 94, in __exit__
    raise dj_exc_value.with_traceback(traceback) from exc_value
  File "D:\Project Django Frameworks\GeneralDevelopmentSystem\GDS-Template\venv\Lib\site-packages\django\db\backends\utils.py", line 105, in _execute
    return self.cursor.execute(sql, params)
           ~~~~~~~~~~~~~~~~~~~^^^^^^^^^^^^^
  File "D:\Project Django Frameworks\GeneralDevelopmentSystem\GDS-Template\venv\Lib\site-packages\django\db\backends\sqlite3\base.py", line 359, in execute
    return super().execute(query, params)
           ~~~~~~~~~~~~~~~^^^^^^^^^^^^^^^
django.db.utils.OperationalError: no such table: accounts_user
ERROR 2026-08-10 13:08:57,522 log "POST /api/auth/login HTTP/1.1" 500 182791
ERROR 2026-08-10 13:09:09,311 log Internal Server Error: /api/auth/login
Traceback (most recent call last):
  File "D:\Project Django Frameworks\GeneralDevelopmentSystem\GDS-Template\venv\Lib\site-packages\django\db\backends\utils.py", line 105, in _execute
    return self.cursor.execute(sql, params)
           ~~~~~~~~~~~~~~~~~~~^^^^^^^^^^^^^
  File "D:\Project Django Frameworks\GeneralDevelopmentSystem\GDS-Template\venv\Lib\site-packages\django\db\backends\sqlite3\base.py", line 359, in execute
    return super().execute(query, params)
           ~~~~~~~~~~~~~~~^^^^^^^^^^^^^^^
sqlite3.OperationalError: no such table: accounts_user

The above exception was the direct cause of the following exception:

Traceback (most recent call last):
  File "D:\Project Django Frameworks\GeneralDevelopmentSystem\GDS-Template\venv\Lib\site-packages\django\core\handlers\exception.py", line 55, in inner
    response = get_response(request)
  File "D:\Project Django Frameworks\GeneralDevelopmentSystem\GDS-Template\venv\Lib\site-packages\django\core\handlers\base.py", line 198, in _get_response
    response = wrapped_callback(request, *callback_args, **callback_kwargs)
  File "D:\Project Django Frameworks\GeneralDevelopmentSystem\GDS-Template\venv\Lib\site-packages\django\views\decorators\csrf.py", line 65, in _view_wrapper
    return view_func(request, *args, **kwargs)
  File "D:\Project Django Frameworks\GeneralDevelopmentSystem\GDS-Template\venv\Lib\site-packages\django\utils\decorators.py", line 192, in _view_wrapper
    result = _process_exception(request, e)
  File "D:\Project Django Frameworks\GeneralDevelopmentSystem\GDS-Template\venv\Lib\site-packages\django\utils\decorators.py", line 190, in _view_wrapper
    response = view_func(request, *args, **kwargs)
  File "D:\Project Django Frameworks\GeneralDevelopmentSystem\GDS-Template\apps\accounts\views\auth.py", line 55, in auth_login
    user = authenticate(request, username=username, password=password)
  File "D:\Project Django Frameworks\GeneralDevelopmentSystem\GDS-Template\venv\Lib\site-packages\django\views\decorators\debug.py", line 75, in sensitive_variables_wrapper
    return func(*func_args, **func_kwargs)
  File "D:\Project Django Frameworks\GeneralDevelopmentSystem\GDS-Template\venv\Lib\site-packages\django\contrib\auth\__init__.py", line 114, in authenticate
    user = backend.authenticate(request, **credentials)
  File "D:\Project Django Frameworks\GeneralDevelopmentSystem\GDS-Template\venv\Lib\site-packages\django\contrib\auth\backends.py", line 65, in authenticate
    user = UserModel._default_manager.get_by_natural_key(username)
  File "D:\Project Django Frameworks\GeneralDevelopmentSystem\GDS-Template\venv\Lib\site-packages\django\contrib\auth\base_user.py", line 37, in get_by_natural_key
    return self.get(**{self.model.USERNAME_FIELD: username})
           ~~~~~~~~^^^^^^^^^^^^^^^^^^^^^^^^^^^^^^^^^^^^^^^^^
  File "D:\Project Django Frameworks\GeneralDevelopmentSystem\GDS-Template\venv\Lib\site-packages\django\db\models\manager.py", line 87, in manager_method
    return getattr(self.get_queryset(), name)(*args, **kwargs)
           ~~~~~~~~~~~~~~~~~~~~~~~~~~~~~~~~~~^^^^^^^^^^^^^^^^^
  File "D:\Project Django Frameworks\GeneralDevelopmentSystem\GDS-Template\venv\Lib\site-packages\django\db\models\query.py", line 635, in get
    num = len(clone)
  File "D:\Project Django Frameworks\GeneralDevelopmentSystem\GDS-Template\venv\Lib\site-packages\django\db\models\query.py", line 372, in __len__
    self._fetch_all()
    ~~~~~~~~~~~~~~~^^
  File "D:\Project Django Frameworks\GeneralDevelopmentSystem\GDS-Template\venv\Lib\site-packages\django\db\models\query.py", line 2000, in _fetch_all
    self._result_cache = list(self._iterable_class(self))
                         ~~~~^^^^^^^^^^^^^^^^^^^^^^^^^^^^
  File "D:\Project Django Frameworks\GeneralDevelopmentSystem\GDS-Template\venv\Lib\site-packages\django\db\models\query.py", line 95, in __iter__
    results = compiler.execute_sql(
        chunked_fetch=self.chunked_fetch, chunk_size=self.chunk_size
    )
  File "D:\Project Django Frameworks\GeneralDevelopmentSystem\GDS-Template\venv\Lib\site-packages\django\db\models\sql\compiler.py", line 1624, in execute_sql
    cursor.execute(sql, params)
    ~~~~~~~~~~~~~~^^^^^^^^^^^^^
  File "D:\Project Django Frameworks\GeneralDevelopmentSystem\GDS-Template\venv\Lib\site-packages\django\db\backends\utils.py", line 122, in execute
    return super().execute(sql, params)
           ~~~~~~~~~~~~~~~^^^^^^^^^^^^^
  File "D:\Project Django Frameworks\GeneralDevelopmentSystem\GDS-Template\venv\Lib\site-packages\django\db\backends\utils.py", line 79, in execute
    return self._execute_with_wrappers(
           ~~~~~~~~~~~~~~~~~~~~~~~~~~~^
        sql, params, many=False, executor=self._execute
        ^^^^^^^^^^^^^^^^^^^^^^^^^^^^^^^^^^^^^^^^^^^^^^^
    )
    ^
  File "D:\Project Django Frameworks\GeneralDevelopmentSystem\GDS-Template\venv\Lib\site-packages\django\db\backends\utils.py", line 92, in _execute_with_wrappers
    return executor(sql, params, many, context)
  File "D:\Project Django Frameworks\GeneralDevelopmentSystem\GDS-Template\venv\Lib\site-packages\django\db\backends\utils.py", line 100, in _execute
    with self.db.wrap_database_errors:
         ^^^^^^^^^^^^^^^^^^^^^^^^^^^^
  File "D:\Project Django Frameworks\GeneralDevelopmentSystem\GDS-Template\venv\Lib\site-packages\django\db\utils.py", line 94, in __exit__
    raise dj_exc_value.with_traceback(traceback) from exc_value
  File "D:\Project Django Frameworks\GeneralDevelopmentSystem\GDS-Template\venv\Lib\site-packages\django\db\backends\utils.py", line 105, in _execute
    return self.cursor.execute(sql, params)
           ~~~~~~~~~~~~~~~~~~~^^^^^^^^^^^^^
  File "D:\Project Django Frameworks\GeneralDevelopmentSystem\GDS-Template\venv\Lib\site-packages\django\db\backends\sqlite3\base.py", line 359, in execute
    return super().execute(query, params)
           ~~~~~~~~~~~~~~~^^^^^^^^^^^^^^^
django.db.utils.OperationalError: no such table: accounts_user
ERROR 2026-08-10 13:09:09,318 log "POST /api/auth/login HTTP/1.1" 500 182779
ERROR 2026-08-10 14:35:10,620 log Internal Server Error: /api/auth/login
Traceback (most recent call last):
  File "D:\Project Django Frameworks\GeneralDevelopmentSystem\GDS-Template\venv\Lib\site-packages\django\db\backends\utils.py", line 105, in _execute
    return self.cursor.execute(sql, params)
           ~~~~~~~~~~~~~~~~~~~^^^^^^^^^^^^^
  File "D:\Project Django Frameworks\GeneralDevelopmentSystem\GDS-Template\venv\Lib\site-packages\django\db\backends\sqlite3\base.py", line 359, in execute
    return super().execute(query, params)
           ~~~~~~~~~~~~~~~^^^^^^^^^^^^^^^
sqlite3.OperationalError: no such table: accounts_user

The above exception was the direct cause of the following exception:

Traceback (most recent call last):
  File "D:\Project Django Frameworks\GeneralDevelopmentSystem\GDS-Template\venv\Lib\site-packages\django\core\handlers\exception.py", line 55, in inner
    response = get_response(request)
  File "D:\Project Django Frameworks\GeneralDevelopmentSystem\GDS-Template\venv\Lib\site-packages\django\core\handlers\base.py", line 198, in _get_response
    response = wrapped_callback(request, *callback_args, **callback_kwargs)
  File "D:\Project Django Frameworks\GeneralDevelopmentSystem\GDS-Template\venv\Lib\site-packages\django\views\decorators\csrf.py", line 65, in _view_wrapper
    return view_func(request, *args, **kwargs)
  File "D:\Project Django Frameworks\GeneralDevelopmentSystem\GDS-Template\venv\Lib\site-packages\django\utils\decorators.py", line 192, in _view_wrapper
    result = _process_exception(request, e)
  File "D:\Project Django Frameworks\GeneralDevelopmentSystem\GDS-Template\venv\Lib\site-packages\django\utils\decorators.py", line 190, in _view_wrapper
    response = view_func(request, *args, **kwargs)
  File "D:\Project Django Frameworks\GeneralDevelopmentSystem\GDS-Template\apps\accounts\views\auth.py", line 55, in auth_login
    user = authenticate(request, username=username, password=password)
  File "D:\Project Django Frameworks\GeneralDevelopmentSystem\GDS-Template\venv\Lib\site-packages\django\views\decorators\debug.py", line 75, in sensitive_variables_wrapper
    return func(*func_args, **func_kwargs)
  File "D:\Project Django Frameworks\GeneralDevelopmentSystem\GDS-Template\venv\Lib\site-packages\django\contrib\auth\__init__.py", line 114, in authenticate
    user = backend.authenticate(request, **credentials)
  File "D:\Project Django Frameworks\GeneralDevelopmentSystem\GDS-Template\venv\Lib\site-packages\django\contrib\auth\backends.py", line 65, in authenticate
    user = UserModel._default_manager.get_by_natural_key(username)
  File "D:\Project Django Frameworks\GeneralDevelopmentSystem\GDS-Template\venv\Lib\site-packages\django\contrib\auth\base_user.py", line 37, in get_by_natural_key
    return self.get(**{self.model.USERNAME_FIELD: username})
           ~~~~~~~~^^^^^^^^^^^^^^^^^^^^^^^^^^^^^^^^^^^^^^^^^
  File "D:\Project Django Frameworks\GeneralDevelopmentSystem\GDS-Template\venv\Lib\site-packages\django\db\models\manager.py", line 87, in manager_method
    return getattr(self.get_queryset(), name)(*args, **kwargs)
           ~~~~~~~~~~~~~~~~~~~~~~~~~~~~~~~~~~^^^^^^^^^^^^^^^^^
  File "D:\Project Django Frameworks\GeneralDevelopmentSystem\GDS-Template\venv\Lib\site-packages\django\db\models\query.py", line 635, in get
    num = len(clone)
  File "D:\Project Django Frameworks\GeneralDevelopmentSystem\GDS-Template\venv\Lib\site-packages\django\db\models\query.py", line 372, in __len__
    self._fetch_all()
    ~~~~~~~~~~~~~~~^^
  File "D:\Project Django Frameworks\GeneralDevelopmentSystem\GDS-Template\venv\Lib\site-packages\django\db\models\query.py", line 2000, in _fetch_all
    self._result_cache = list(self._iterable_class(self))
                         ~~~~^^^^^^^^^^^^^^^^^^^^^^^^^^^^
  File "D:\Project Django Frameworks\GeneralDevelopmentSystem\GDS-Template\venv\Lib\site-packages\django\db\models\query.py", line 95, in __iter__
    results = compiler.execute_sql(
        chunked_fetch=self.chunked_fetch, chunk_size=self.chunk_size
    )
  File "D:\Project Django Frameworks\GeneralDevelopmentSystem\GDS-Template\venv\Lib\site-packages\django\db\models\sql\compiler.py", line 1624, in execute_sql
    cursor.execute(sql, params)
    ~~~~~~~~~~~~~~^^^^^^^^^^^^^
  File "D:\Project Django Frameworks\GeneralDevelopmentSystem\GDS-Template\venv\Lib\site-packages\django\db\backends\utils.py", line 122, in execute
    return super().execute(sql, params)
           ~~~~~~~~~~~~~~~^^^^^^^^^^^^^
  File "D:\Project Django Frameworks\GeneralDevelopmentSystem\GDS-Template\venv\Lib\site-packages\django\db\backends\utils.py", line 79, in execute
    return self._execute_with_wrappers(
           ~~~~~~~~~~~~~~~~~~~~~~~~~~~^
        sql, params, many=False, executor=self._execute
        ^^^^^^^^^^^^^^^^^^^^^^^^^^^^^^^^^^^^^^^^^^^^^^^
    )
    ^
  File "D:\Project Django Frameworks\GeneralDevelopmentSystem\GDS-Template\venv\Lib\site-packages\django\db\backends\utils.py", line 92, in _execute_with_wrappers
    return executor(sql, params, many, context)
  File "D:\Project Django Frameworks\GeneralDevelopmentSystem\GDS-Template\venv\Lib\site-packages\django\db\backends\utils.py", line 100, in _execute
    with self.db.wrap_database_errors:
         ^^^^^^^^^^^^^^^^^^^^^^^^^^^^
  File "D:\Project Django Frameworks\GeneralDevelopmentSystem\GDS-Template\venv\Lib\site-packages\django\db\utils.py", line 94, in __exit__
    raise dj_exc_value.with_traceback(traceback) from exc_value
  File "D:\Project Django Frameworks\GeneralDevelopmentSystem\GDS-Template\venv\Lib\site-packages\django\db\backends\utils.py", line 105, in _execute
    return self.cursor.execute(sql, params)
           ~~~~~~~~~~~~~~~~~~~^^^^^^^^^^^^^
  File "D:\Project Django Frameworks\GeneralDevelopmentSystem\GDS-Template\venv\Lib\site-packages\django\db\backends\sqlite3\base.py", line 359, in execute
    return super().execute(query, params)
           ~~~~~~~~~~~~~~~^^^^^^^^^^^^^^^
django.db.utils.OperationalError: no such table: accounts_user
ERROR 2026-08-10 14:35:10,635 log "POST /api/auth/login HTTP/1.1" 500 182791
ERROR 2026-08-10 14:35:15,025 log Internal Server Error: /api/auth/login
Traceback (most recent call last):
  File "D:\Project Django Frameworks\GeneralDevelopmentSystem\GDS-Template\venv\Lib\site-packages\django\db\backends\utils.py", line 105, in _execute
    return self.cursor.execute(sql, params)
           ~~~~~~~~~~~~~~~~~~~^^^^^^^^^^^^^
  File "D:\Project Django Frameworks\GeneralDevelopmentSystem\GDS-Template\venv\Lib\site-packages\django\db\backends\sqlite3\base.py", line 359, in execute
    return super().execute(query, params)
           ~~~~~~~~~~~~~~~^^^^^^^^^^^^^^^
sqlite3.OperationalError: no such table: accounts_user

The above exception was the direct cause of the following exception:

Traceback (most recent call last):
  File "D:\Project Django Frameworks\GeneralDevelopmentSystem\GDS-Template\venv\Lib\site-packages\django\core\handlers\exception.py", line 55, in inner
    response = get_response(request)
  File "D:\Project Django Frameworks\GeneralDevelopmentSystem\GDS-Template\venv\Lib\site-packages\django\core\handlers\base.py", line 198, in _get_response
    response = wrapped_callback(request, *callback_args, **callback_kwargs)
  File "D:\Project Django Frameworks\GeneralDevelopmentSystem\GDS-Template\venv\Lib\site-packages\django\views\decorators\csrf.py", line 65, in _view_wrapper
    return view_func(request, *args, **kwargs)
  File "D:\Project Django Frameworks\GeneralDevelopmentSystem\GDS-Template\venv\Lib\site-packages\django\utils\decorators.py", line 192, in _view_wrapper
    result = _process_exception(request, e)
  File "D:\Project Django Frameworks\GeneralDevelopmentSystem\GDS-Template\venv\Lib\site-packages\django\utils\decorators.py", line 190, in _view_wrapper
    response = view_func(request, *args, **kwargs)
  File "D:\Project Django Frameworks\GeneralDevelopmentSystem\GDS-Template\apps\accounts\views\auth.py", line 55, in auth_login
    user = authenticate(request, username=username, password=password)
  File "D:\Project Django Frameworks\GeneralDevelopmentSystem\GDS-Template\venv\Lib\site-packages\django\views\decorators\debug.py", line 75, in sensitive_variables_wrapper
    return func(*func_args, **func_kwargs)
  File "D:\Project Django Frameworks\GeneralDevelopmentSystem\GDS-Template\venv\Lib\site-packages\django\contrib\auth\__init__.py", line 114, in authenticate
    user = backend.authenticate(request, **credentials)
  File "D:\Project Django Frameworks\GeneralDevelopmentSystem\GDS-Template\venv\Lib\site-packages\django\contrib\auth\backends.py", line 65, in authenticate
    user = UserModel._default_manager.get_by_natural_key(username)
  File "D:\Project Django Frameworks\GeneralDevelopmentSystem\GDS-Template\venv\Lib\site-packages\django\contrib\auth\base_user.py", line 37, in get_by_natural_key
    return self.get(**{self.model.USERNAME_FIELD: username})
           ~~~~~~~~^^^^^^^^^^^^^^^^^^^^^^^^^^^^^^^^^^^^^^^^^
  File "D:\Project Django Frameworks\GeneralDevelopmentSystem\GDS-Template\venv\Lib\site-packages\django\db\models\manager.py", line 87, in manager_method
    return getattr(self.get_queryset(), name)(*args, **kwargs)
           ~~~~~~~~~~~~~~~~~~~~~~~~~~~~~~~~~~^^^^^^^^^^^^^^^^^
  File "D:\Project Django Frameworks\GeneralDevelopmentSystem\GDS-Template\venv\Lib\site-packages\django\db\models\query.py", line 635, in get
    num = len(clone)
  File "D:\Project Django Frameworks\GeneralDevelopmentSystem\GDS-Template\venv\Lib\site-packages\django\db\models\query.py", line 372, in __len__
    self._fetch_all()
    ~~~~~~~~~~~~~~~^^
  File "D:\Project Django Frameworks\GeneralDevelopmentSystem\GDS-Template\venv\Lib\site-packages\django\db\models\query.py", line 2000, in _fetch_all
    self._result_cache = list(self._iterable_class(self))
                         ~~~~^^^^^^^^^^^^^^^^^^^^^^^^^^^^
  File "D:\Project Django Frameworks\GeneralDevelopmentSystem\GDS-Template\venv\Lib\site-packages\django\db\models\query.py", line 95, in __iter__
    results = compiler.execute_sql(
        chunked_fetch=self.chunked_fetch, chunk_size=self.chunk_size
    )
  File "D:\Project Django Frameworks\GeneralDevelopmentSystem\GDS-Template\venv\Lib\site-packages\django\db\models\sql\compiler.py", line 1624, in execute_sql
    cursor.execute(sql, params)
    ~~~~~~~~~~~~~~^^^^^^^^^^^^^
  File "D:\Project Django Frameworks\GeneralDevelopmentSystem\GDS-Template\venv\Lib\site-packages\django\db\backends\utils.py", line 122, in execute
    return super().execute(sql, params)
           ~~~~~~~~~~~~~~~^^^^^^^^^^^^^
  File "D:\Project Django Frameworks\GeneralDevelopmentSystem\GDS-Template\venv\Lib\site-packages\django\db\backends\utils.py", line 79, in execute
    return self._execute_with_wrappers(
           ~~~~~~~~~~~~~~~~~~~~~~~~~~~^
        sql, params, many=False, executor=self._execute
        ^^^^^^^^^^^^^^^^^^^^^^^^^^^^^^^^^^^^^^^^^^^^^^^
    )
    ^
  File "D:\Project Django Frameworks\GeneralDevelopmentSystem\GDS-Template\venv\Lib\site-packages\django\db\backends\utils.py", line 92, in _execute_with_wrappers
    return executor(sql, params, many, context)
  File "D:\Project Django Frameworks\GeneralDevelopmentSystem\GDS-Template\venv\Lib\site-packages\django\db\backends\utils.py", line 100, in _execute
    with self.db.wrap_database_errors:
         ^^^^^^^^^^^^^^^^^^^^^^^^^^^^
  File "D:\Project Django Frameworks\GeneralDevelopmentSystem\GDS-Template\venv\Lib\site-packages\django\db\utils.py", line 94, in __exit__
    raise dj_exc_value.with_traceback(traceback) from exc_value
  File "D:\Project Django Frameworks\GeneralDevelopmentSystem\GDS-Template\venv\Lib\site-packages\django\db\backends\utils.py", line 105, in _execute
    return self.cursor.execute(sql, params)
           ~~~~~~~~~~~~~~~~~~~^^^^^^^^^^^^^
  File "D:\Project Django Frameworks\GeneralDevelopmentSystem\GDS-Template\venv\Lib\site-packages\django\db\backends\sqlite3\base.py", line 359, in execute
    return super().execute(query, params)
           ~~~~~~~~~~~~~~~^^^^^^^^^^^^^^^
django.db.utils.OperationalError: no such table: accounts_user
ERROR 2026-08-10 14:35:15,031 log "POST /api/auth/login HTTP/1.1" 500 182791
ERROR 2026-08-10 14:35:21,589 log Internal Server Error: /api/auth/login
Traceback (most recent call last):
  File "D:\Project Django Frameworks\GeneralDevelopmentSystem\GDS-Template\venv\Lib\site-packages\django\db\backends\utils.py", line 105, in _execute
    return self.cursor.execute(sql, params)
           ~~~~~~~~~~~~~~~~~~~^^^^^^^^^^^^^
  File "D:\Project Django Frameworks\GeneralDevelopmentSystem\GDS-Template\venv\Lib\site-packages\django\db\backends\sqlite3\base.py", line 359, in execute
    return super().execute(query, params)
           ~~~~~~~~~~~~~~~^^^^^^^^^^^^^^^
sqlite3.OperationalError: no such table: accounts_user

The above exception was the direct cause of the following exception:

Traceback (most recent call last):
  File "D:\Project Django Frameworks\GeneralDevelopmentSystem\GDS-Template\venv\Lib\site-packages\django\core\handlers\exception.py", line 55, in inner
    response = get_response(request)
  File "D:\Project Django Frameworks\GeneralDevelopmentSystem\GDS-Template\venv\Lib\site-packages\django\core\handlers\base.py", line 198, in _get_response
    response = wrapped_callback(request, *callback_args, **callback_kwargs)
  File "D:\Project Django Frameworks\GeneralDevelopmentSystem\GDS-Template\venv\Lib\site-packages\django\views\decorators\csrf.py", line 65, in _view_wrapper
    return view_func(request, *args, **kwargs)
  File "D:\Project Django Frameworks\GeneralDevelopmentSystem\GDS-Template\venv\Lib\site-packages\django\utils\decorators.py", line 192, in _view_wrapper
    result = _process_exception(request, e)
  File "D:\Project Django Frameworks\GeneralDevelopmentSystem\GDS-Template\venv\Lib\site-packages\django\utils\decorators.py", line 190, in _view_wrapper
    response = view_func(request, *args, **kwargs)
  File "D:\Project Django Frameworks\GeneralDevelopmentSystem\GDS-Template\apps\accounts\views\auth.py", line 55, in auth_login
    user = authenticate(request, username=username, password=password)
  File "D:\Project Django Frameworks\GeneralDevelopmentSystem\GDS-Template\venv\Lib\site-packages\django\views\decorators\debug.py", line 75, in sensitive_variables_wrapper
    return func(*func_args, **func_kwargs)
  File "D:\Project Django Frameworks\GeneralDevelopmentSystem\GDS-Template\venv\Lib\site-packages\django\contrib\auth\__init__.py", line 114, in authenticate
    user = backend.authenticate(request, **credentials)
  File "D:\Project Django Frameworks\GeneralDevelopmentSystem\GDS-Template\venv\Lib\site-packages\django\contrib\auth\backends.py", line 65, in authenticate
    user = UserModel._default_manager.get_by_natural_key(username)
  File "D:\Project Django Frameworks\GeneralDevelopmentSystem\GDS-Template\venv\Lib\site-packages\django\contrib\auth\base_user.py", line 37, in get_by_natural_key
    return self.get(**{self.model.USERNAME_FIELD: username})
           ~~~~~~~~^^^^^^^^^^^^^^^^^^^^^^^^^^^^^^^^^^^^^^^^^
  File "D:\Project Django Frameworks\GeneralDevelopmentSystem\GDS-Template\venv\Lib\site-packages\django\db\models\manager.py", line 87, in manager_method
    return getattr(self.get_queryset(), name)(*args, **kwargs)
           ~~~~~~~~~~~~~~~~~~~~~~~~~~~~~~~~~~^^^^^^^^^^^^^^^^^
  File "D:\Project Django Frameworks\GeneralDevelopmentSystem\GDS-Template\venv\Lib\site-packages\django\db\models\query.py", line 635, in get
    num = len(clone)
  File "D:\Project Django Frameworks\GeneralDevelopmentSystem\GDS-Template\venv\Lib\site-packages\django\db\models\query.py", line 372, in __len__
    self._fetch_all()
    ~~~~~~~~~~~~~~~^^
  File "D:\Project Django Frameworks\GeneralDevelopmentSystem\GDS-Template\venv\Lib\site-packages\django\db\models\query.py", line 2000, in _fetch_all
    self._result_cache = list(self._iterable_class(self))
                         ~~~~^^^^^^^^^^^^^^^^^^^^^^^^^^^^
  File "D:\Project Django Frameworks\GeneralDevelopmentSystem\GDS-Template\venv\Lib\site-packages\django\db\models\query.py", line 95, in __iter__
    results = compiler.execute_sql(
        chunked_fetch=self.chunked_fetch, chunk_size=self.chunk_size
    )
  File "D:\Project Django Frameworks\GeneralDevelopmentSystem\GDS-Template\venv\Lib\site-packages\django\db\models\sql\compiler.py", line 1624, in execute_sql
    cursor.execute(sql, params)
    ~~~~~~~~~~~~~~^^^^^^^^^^^^^
  File "D:\Project Django Frameworks\GeneralDevelopmentSystem\GDS-Template\venv\Lib\site-packages\django\db\backends\utils.py", line 122, in execute
    return super().execute(sql, params)
           ~~~~~~~~~~~~~~~^^^^^^^^^^^^^
  File "D:\Project Django Frameworks\GeneralDevelopmentSystem\GDS-Template\venv\Lib\site-packages\django\db\backends\utils.py", line 79, in execute
    return self._execute_with_wrappers(
           ~~~~~~~~~~~~~~~~~~~~~~~~~~~^
        sql, params, many=False, executor=self._execute
        ^^^^^^^^^^^^^^^^^^^^^^^^^^^^^^^^^^^^^^^^^^^^^^^
    )
    ^
  File "D:\Project Django Frameworks\GeneralDevelopmentSystem\GDS-Template\venv\Lib\site-packages\django\db\backends\utils.py", line 92, in _execute_with_wrappers
    return executor(sql, params, many, context)
  File "D:\Project Django Frameworks\GeneralDevelopmentSystem\GDS-Template\venv\Lib\site-packages\django\db\backends\utils.py", line 100, in _execute
    with self.db.wrap_database_errors:
         ^^^^^^^^^^^^^^^^^^^^^^^^^^^^
  File "D:\Project Django Frameworks\GeneralDevelopmentSystem\GDS-Template\venv\Lib\site-packages\django\db\utils.py", line 94, in __exit__
    raise dj_exc_value.with_traceback(traceback) from exc_value
  File "D:\Project Django Frameworks\GeneralDevelopmentSystem\GDS-Template\venv\Lib\site-packages\django\db\backends\utils.py", line 105, in _execute
    return self.cursor.execute(sql, params)
           ~~~~~~~~~~~~~~~~~~~^^^^^^^^^^^^^
  File "D:\Project Django Frameworks\GeneralDevelopmentSystem\GDS-Template\venv\Lib\site-packages\django\db\backends\sqlite3\base.py", line 359, in execute
    return super().execute(query, params)
           ~~~~~~~~~~~~~~~^^^^^^^^^^^^^^^
django.db.utils.OperationalError: no such table: accounts_user
ERROR 2026-08-10 14:35:21,595 log "POST /api/auth/login HTTP/1.1" 500 182779
ERROR 2026-08-10 14:48:54,594 log Internal Server Error: /api/auth/login
Traceback (most recent call last):
  File "D:\Project Django Frameworks\GeneralDevelopmentSystem\GDS-Template\venv\Lib\site-packages\django\db\backends\utils.py", line 105, in _execute
    return self.cursor.execute(sql, params)
           ~~~~~~~~~~~~~~~~~~~^^^^^^^^^^^^^
  File "D:\Project Django Frameworks\GeneralDevelopmentSystem\GDS-Template\venv\Lib\site-packages\django\db\backends\sqlite3\base.py", line 359, in execute
    return super().execute(query, params)
           ~~~~~~~~~~~~~~~^^^^^^^^^^^^^^^
sqlite3.OperationalError: no such table: accounts_user

The above exception was the direct cause of the following exception:

Traceback (most recent call last):
  File "D:\Project Django Frameworks\GeneralDevelopmentSystem\GDS-Template\venv\Lib\site-packages\django\core\handlers\exception.py", line 55, in inner
    response = get_response(request)
  File "D:\Project Django Frameworks\GeneralDevelopmentSystem\GDS-Template\venv\Lib\site-packages\django\core\handlers\base.py", line 198, in _get_response
    response = wrapped_callback(request, *callback_args, **callback_kwargs)
  File "D:\Project Django Frameworks\GeneralDevelopmentSystem\GDS-Template\venv\Lib\site-packages\django\views\decorators\csrf.py", line 65, in _view_wrapper
    return view_func(request, *args, **kwargs)
  File "D:\Project Django Frameworks\GeneralDevelopmentSystem\GDS-Template\venv\Lib\site-packages\django\utils\decorators.py", line 192, in _view_wrapper
    result = _process_exception(request, e)
  File "D:\Project Django Frameworks\GeneralDevelopmentSystem\GDS-Template\venv\Lib\site-packages\django\utils\decorators.py", line 190, in _view_wrapper
    response = view_func(request, *args, **kwargs)
  File "D:\Project Django Frameworks\GeneralDevelopmentSystem\GDS-Template\apps\accounts\views\auth.py", line 55, in auth_login
    user = authenticate(request, username=username, password=password)
  File "D:\Project Django Frameworks\GeneralDevelopmentSystem\GDS-Template\venv\Lib\site-packages\django\views\decorators\debug.py", line 75, in sensitive_variables_wrapper
    return func(*func_args, **func_kwargs)
  File "D:\Project Django Frameworks\GeneralDevelopmentSystem\GDS-Template\venv\Lib\site-packages\django\contrib\auth\__init__.py", line 114, in authenticate
    user = backend.authenticate(request, **credentials)
  File "D:\Project Django Frameworks\GeneralDevelopmentSystem\GDS-Template\venv\Lib\site-packages\django\contrib\auth\backends.py", line 65, in authenticate
    user = UserModel._default_manager.get_by_natural_key(username)
  File "D:\Project Django Frameworks\GeneralDevelopmentSystem\GDS-Template\venv\Lib\site-packages\django\contrib\auth\base_user.py", line 37, in get_by_natural_key
    return self.get(**{self.model.USERNAME_FIELD: username})
           ~~~~~~~~^^^^^^^^^^^^^^^^^^^^^^^^^^^^^^^^^^^^^^^^^
  File "D:\Project Django Frameworks\GeneralDevelopmentSystem\GDS-Template\venv\Lib\site-packages\django\db\models\manager.py", line 87, in manager_method
    return getattr(self.get_queryset(), name)(*args, **kwargs)
           ~~~~~~~~~~~~~~~~~~~~~~~~~~~~~~~~~~^^^^^^^^^^^^^^^^^
  File "D:\Project Django Frameworks\GeneralDevelopmentSystem\GDS-Template\venv\Lib\site-packages\django\db\models\query.py", line 635, in get
    num = len(clone)
  File "D:\Project Django Frameworks\GeneralDevelopmentSystem\GDS-Template\venv\Lib\site-packages\django\db\models\query.py", line 372, in __len__
    self._fetch_all()
    ~~~~~~~~~~~~~~~^^
  File "D:\Project Django Frameworks\GeneralDevelopmentSystem\GDS-Template\venv\Lib\site-packages\django\db\models\query.py", line 2000, in _fetch_all
    self._result_cache = list(self._iterable_class(self))
                         ~~~~^^^^^^^^^^^^^^^^^^^^^^^^^^^^
  File "D:\Project Django Frameworks\GeneralDevelopmentSystem\GDS-Template\venv\Lib\site-packages\django\db\models\query.py", line 95, in __iter__
    results = compiler.execute_sql(
        chunked_fetch=self.chunked_fetch, chunk_size=self.chunk_size
    )
  File "D:\Project Django Frameworks\GeneralDevelopmentSystem\GDS-Template\venv\Lib\site-packages\django\db\models\sql\compiler.py", line 1624, in execute_sql
    cursor.execute(sql, params)
    ~~~~~~~~~~~~~~^^^^^^^^^^^^^
  File "D:\Project Django Frameworks\GeneralDevelopmentSystem\GDS-Template\venv\Lib\site-packages\django\db\backends\utils.py", line 122, in execute
    return super().execute(sql, params)
           ~~~~~~~~~~~~~~~^^^^^^^^^^^^^
  File "D:\Project Django Frameworks\GeneralDevelopmentSystem\GDS-Template\venv\Lib\site-packages\django\db\backends\utils.py", line 79, in execute
    return self._execute_with_wrappers(
           ~~~~~~~~~~~~~~~~~~~~~~~~~~~^
        sql, params, many=False, executor=self._execute
        ^^^^^^^^^^^^^^^^^^^^^^^^^^^^^^^^^^^^^^^^^^^^^^^
    )
    ^
  File "D:\Project Django Frameworks\GeneralDevelopmentSystem\GDS-Template\venv\Lib\site-packages\django\db\backends\utils.py", line 92, in _execute_with_wrappers
    return executor(sql, params, many, context)
  File "D:\Project Django Frameworks\GeneralDevelopmentSystem\GDS-Template\venv\Lib\site-packages\django\db\backends\utils.py", line 100, in _execute
    with self.db.wrap_database_errors:
         ^^^^^^^^^^^^^^^^^^^^^^^^^^^^
  File "D:\Project Django Frameworks\GeneralDevelopmentSystem\GDS-Template\venv\Lib\site-packages\django\db\utils.py", line 94, in __exit__
    raise dj_exc_value.with_traceback(traceback) from exc_value
  File "D:\Project Django Frameworks\GeneralDevelopmentSystem\GDS-Template\venv\Lib\site-packages\django\db\backends\utils.py", line 105, in _execute
    return self.cursor.execute(sql, params)
           ~~~~~~~~~~~~~~~~~~~^^^^^^^^^^^^^
  File "D:\Project Django Frameworks\GeneralDevelopmentSystem\GDS-Template\venv\Lib\site-packages\django\db\backends\sqlite3\base.py", line 359, in execute
    return super().execute(query, params)
           ~~~~~~~~~~~~~~~^^^^^^^^^^^^^^^
django.db.utils.OperationalError: no such table: accounts_user
ERROR 2026-08-10 14:48:54,608 log "POST /api/auth/login HTTP/1.1" 500 182319
